// Jest Snapshot v1, https://goo.gl/fbAQLP

exports[`Server - e2e, invalid auth gets a single launch2 1`] = `
Object {
  "data": Object {
    "launch": Object {
      "id": "30",
      "isBooked": false,
      "mission": Object {
        "name": "Thaicom 8",
      },
      "rocket": Object {
        "type": "FT",
      },
    },
  },
}
`;

exports[`Server - e2e, invalid auth gets list of launches 1`] = `
Object {
  "data": Object {
    "launches": Object {
      "cursor": "1517433900",
      "launches": Array [
        Object {
          "mission": Object {
            "missionPatch": "https://images2.imgbox.com/42/0a/LAupFe3L_o.png",
            "name": "SES-16 / GovSat-1",
          },
        },
      ],
    },
  },
}
`;

exports[`Server - e2e, valid auth gets a single launch 1`] = `
Object {
  "data": Object {
    "launch": Object {
      "id": "30",
      "isBooked": false,
      "mission": Object {
        "name": "Thaicom 8",
      },
      "rocket": Object {
        "type": "FT",
      },
    },
  },
}
`;

exports[`Server - e2e, valid auth gets list of launches 1`] = `
Object {
  "data": Object {
    "launches": Object {
      "cursor": "1517433900",
      "launches": Array [
        Object {
          "mission": Object {
            "missionPatch": "https://images2.imgbox.com/42/0a/LAupFe3L_o.png",
            "name": "SES-16 / GovSat-1",
          },
        },
      ],
    },
  },
}
`;
